
> astro-admin@0.1.0 build
> next build

Γû▓ Next.js 16.1.6 (Turbopack)
- Environments: .env

  Creating an optimized production build ...
Γ£ô Compiled successfully in 16.9s
  Running TypeScript ...
node.exe : Failed to compile.
At C:\Program Files\nodejs\npm.ps1:29 char:3
+   & $NODE_EXE $NPM_CLI_JS $args
+   ~~~~~~~~~~~~~~~~~~~~~~~~~~~~~
    + CategoryInfo          : NotSpecified: (Failed to compile.:String) [], Re 
   moteException
    + FullyQualifiedErrorId : NativeCommandError
 

./app/admin/page.tsx:100:67
Type error: Property 'periodStats' does not exist on type '{ totalRevenue: 
number; periodRevenue: number; growth: number; chartData: RevenueDataPoint[]; 
}'.

[0m [90m  98 |[39m             
doc[33m.[39msetFontSize([35m10[39m)[33m;[39m
 [90m  99 |[39m             doc[33m.[39mtext([32m`Total Revenue: 
Γé╣${(revenueStats.totalRevenue || 0).toLocaleString()}`[39m[33m,[39m 
[35m30[39m[33m,[39m [35m58[39m)[33m;[39m
[31m[1m>[22m[39m[90m 100 |[39m             
doc[33m.[39mtext([32m`Monthly Revenue: 
Γé╣${(revenueResponse?.data?.periodStats?.totalRevenue || 
0).toLocaleString()}`[39m[33m,[39m [35m30[39m[33m,[39m 
[35m64[39m)[33m;[39m
 [90m     |[39m                                                              
     [31m[1m^[22m[39m
 [90m 101 |[39m             doc[33m.[39mtext([32m`Growth: 
+${revenueStats.growth || 0}%`[39m[33m,[39m [35m30[39m[33m,[39m 
[35m70[39m)[33m;[39m
 [90m 102 |[39m
 [90m 103 |[39m             [90m// Dashboard Stats[39m[0m
Next.js build worker exited with code: 1 and signal: null
